Info: Starting: Create block symbol file (.bsf)
Info: qsys-generate C:\Github\Systolic_Array_for_NPU\JTAG\jtag.qsys --block-symbol-file --output-directory=C:\Github\Systolic_Array_for_NPU\JTAG\jtag --family="Cyclone V" --part=5CSEMA5F31C6
Progress: Loading JTAG/jtag.qsys
Progress: Reading input file
Progress: Adding virtual_jtag_0 [altera_virtual_jtag 23.1]
Progress: Parameterizing module virtual_jtag_0
Progress: Building connections
Progress: Parameterizing connections
Progress: Validating
Progress: Done reading input file
Info: qsys-generate succeeded.
Info: Finished: Create block symbol file (.bsf)
Info: 
Info: Starting: Create HDL design files for synthesis
Info: qsys-generate C:\Github\Systolic_Array_for_NPU\JTAG\jtag.qsys --synthesis=VERILOG --output-directory=C:\Github\Systolic_Array_for_NPU\JTAG\jtag\synthesis --family="Cyclone V" --part=5CSEMA5F31C6
Progress: Loading JTAG/jtag.qsys
Progress: Reading input file
Progress: Adding virtual_jtag_0 [altera_virtual_jtag 23.1]
Progress: Parameterizing module virtual_jtag_0
Progress: Building connections
Progress: Parameterizing connections
Progress: Validating
Progress: Done reading input file
Info: jtag: Generating jtag "jtag" for QUARTUS_SYNTH
Info: virtual_jtag_0: "jtag" instantiated altera_virtual_jtag "virtual_jtag_0"
Info: jtag: Done "jtag" with 2 modules, 1 files
Info: qsys-generate succeeded.
Info: Finished: Create HDL design files for synthesis
