Info: Starting: Create block symbol file (.bsf)
Info: qsys-generate C:\Github\JTAG\vjtag.qsys --block-symbol-file --output-directory=C:\Github\JTAG\vjtag --family="Cyclone V" --part=5CSEMA5F31C6
Progress: Loading JTAG/vjtag.qsys
Progress: Reading input file
Progress: Adding virtual_jtag_0 [altera_virtual_jtag 23.1]
Progress: Parameterizing module virtual_jtag_0
Progress: Building connections
Progress: Parameterizing connections
Progress: Validating
Progress: Done reading input file
Info: qsys-generate succeeded.
Info: Finished: Create block symbol file (.bsf)
Info: 
Info: Starting: Create HDL design files for synthesis
Info: qsys-generate C:\Github\JTAG\vjtag.qsys --synthesis=VERILOG --output-directory=C:\Github\JTAG\vjtag\synthesis --family="Cyclone V" --part=5CSEMA5F31C6
Progress: Loading JTAG/vjtag.qsys
Progress: Reading input file
Progress: Adding virtual_jtag_0 [altera_virtual_jtag 23.1]
Progress: Parameterizing module virtual_jtag_0
Progress: Building connections
Progress: Parameterizing connections
Progress: Validating
Progress: Done reading input file
Info: vjtag: Generating vjtag "vjtag" for QUARTUS_SYNTH
Info: virtual_jtag_0: "vjtag" instantiated altera_virtual_jtag "virtual_jtag_0"
Info: vjtag: Done "vjtag" with 2 modules, 1 files
Info: qsys-generate succeeded.
Info: Finished: Create HDL design files for synthesis
